  Determining projects to restore...
  All projects are up-to-date for restore.
C:\Users\sahli\Desktop\Compta_source\compta\IconManager.cs(25,43): error CS0121: The call is ambiguous between the following methods or properties: 'FormsIconHelper.ToBitmap(IconChar, IconFont, int, Color?, double, FlipOrientation)' and 'FormsIconHelper.ToBitmap(IconChar, Color?, int, double, FlipOrientation)' [C:\Users\sahli\Desktop\Compta_source\compta.csproj]
C:\Users\sahli\Desktop\Compta_source\compta\IconManager.cs(35,44): error CS0121: The call is ambiguous between the following methods or properties: 'FormsIconHelper.ToBitmap(IconChar, IconFont, int, Color?, double, FlipOrientation)' and 'FormsIconHelper.ToBitmap(IconChar, Color?, int, double, FlipOrientation)' [C:\Users\sahli\Desktop\Compta_source\compta.csproj]
C:\Users\sahli\Desktop\Compta_source\compta\rptTVA.cs(14,21): warning CS0649: Field 'rptTVA.components' is never assigned to, and will always have its default value null [C:\Users\sahli\Desktop\Compta_source\compta.csproj]
C:\Users\sahli\Desktop\Compta_source\compta\rptHistCompte.cs(14,21): warning CS0649: Field 'rptHistCompte.components' is never assigned to, and will always have its default value null [C:\Users\sahli\Desktop\Compta_source\compta.csproj]
C:\Users\sahli\Desktop\Compta_source\compta\rptJournaux.cs(15,21): warning CS0649: Field 'rptJournaux.components' is never assigned to, and will always have its default value null [C:\Users\sahli\Desktop\Compta_source\compta.csproj]
C:\Users\sahli\Desktop\Compta_source\compta\rptSolde.cs(17,21): warning CS0649: Field 'rptSolde.components' is never assigned to, and will always have its default value null [C:\Users\sahli\Desktop\Compta_source\compta.csproj]
C:\Users\sahli\Desktop\Compta_source\compta\rptCentralisation.cs(14,21): warning CS0649: Field 'rptCentralisation.components' is never assigned to, and will always have its default value null [C:\Users\sahli\Desktop\Compta_source\compta.csproj]
C:\Users\sahli\Desktop\Compta_source\compta\rptBalanceGenerale.cs(13,21): warning CS0649: Field 'rptBalanceGenerale.components' is never assigned to, and will always have its default value null [C:\Users\sahli\Desktop\Compta_source\compta.csproj]
C:\Users\sahli\Desktop\Compta_source\compta\rptBalanceDetaillee.cs(13,21): warning CS0649: Field 'rptBalanceDetaillee.components' is never assigned to, and will always have its default value null [C:\Users\sahli\Desktop\Compta_source\compta.csproj]
C:\Users\sahli\Desktop\Compta_source\compta\frmRegister.cs(16,21): warning CS0649: Field 'frmRegister.components' is never assigned to, and will always have its default value null [C:\Users\sahli\Desktop\Compta_source\compta.csproj]
C:\Users\sahli\Desktop\Compta_source\compta\rptDossierClient.cs(10,21): warning CS0649: Field 'rptDossierClient.components' is never assigned to, and will always have its default value null [C:\Users\sahli\Desktop\Compta_source\compta.csproj]
C:\Users\sahli\Desktop\Compta_source\compta\frmChangerDossier.cs(24,21): warning CS0649: Field 'frmChangerDossier.components' is never assigned to, and will always have its default value null [C:\Users\sahli\Desktop\Compta_source\compta.csproj]
C:\Users\sahli\Desktop\Compta_source\compta\rptAchat.cs(14,21): warning CS0649: Field 'rptAchat.components' is never assigned to, and will always have its default value null [C:\Users\sahli\Desktop\Compta_source\compta.csproj]
C:\Users\sahli\Desktop\Compta_source\compta\rptGrandJournal.cs(14,21): warning CS0649: Field 'rptGrandJournal.components' is never assigned to, and will always have its default value null [C:\Users\sahli\Desktop\Compta_source\compta.csproj]
C:\Users\sahli\Desktop\Compta_source\compta\frmPrintBilan.cs(23,21): warning CS0649: Field 'frmPrintBilan.components' is never assigned to, and will always have its default value null [C:\Users\sahli\Desktop\Compta_source\compta.csproj]

Build FAILED.

C:\Users\sahli\Desktop\Compta_source\compta\rptTVA.cs(14,21): warning CS0649: Field 'rptTVA.components' is never assigned to, and will always have its default value null [C:\Users\sahli\Desktop\Compta_source\compta.csproj]
C:\Users\sahli\Desktop\Compta_source\compta\rptHistCompte.cs(14,21): warning CS0649: Field 'rptHistCompte.components' is never assigned to, and will always have its default value null [C:\Users\sahli\Desktop\Compta_source\compta.csproj]
C:\Users\sahli\Desktop\Compta_source\compta\rptJournaux.cs(15,21): warning CS0649: Field 'rptJournaux.components' is never assigned to, and will always have its default value null [C:\Users\sahli\Desktop\Compta_source\compta.csproj]
C:\Users\sahli\Desktop\Compta_source\compta\rptSolde.cs(17,21): warning CS0649: Field 'rptSolde.components' is never assigned to, and will always have its default value null [C:\Users\sahli\Desktop\Compta_source\compta.csproj]
C:\Users\sahli\Desktop\Compta_source\compta\rptCentralisation.cs(14,21): warning CS0649: Field 'rptCentralisation.components' is never assigned to, and will always have its default value null [C:\Users\sahli\Desktop\Compta_source\compta.csproj]
C:\Users\sahli\Desktop\Compta_source\compta\rptBalanceGenerale.cs(13,21): warning CS0649: Field 'rptBalanceGenerale.components' is never assigned to, and will always have its default value null [C:\Users\sahli\Desktop\Compta_source\compta.csproj]
C:\Users\sahli\Desktop\Compta_source\compta\rptBalanceDetaillee.cs(13,21): warning CS0649: Field 'rptBalanceDetaillee.components' is never assigned to, and will always have its default value null [C:\Users\sahli\Desktop\Compta_source\compta.csproj]
C:\Users\sahli\Desktop\Compta_source\compta\frmRegister.cs(16,21): warning CS0649: Field 'frmRegister.components' is never assigned to, and will always have its default value null [C:\Users\sahli\Desktop\Compta_source\compta.csproj]
C:\Users\sahli\Desktop\Compta_source\compta\rptDossierClient.cs(10,21): warning CS0649: Field 'rptDossierClient.components' is never assigned to, and will always have its default value null [C:\Users\sahli\Desktop\Compta_source\compta.csproj]
C:\Users\sahli\Desktop\Compta_source\compta\frmChangerDossier.cs(24,21): warning CS0649: Field 'frmChangerDossier.components' is never assigned to, and will always have its default value null [C:\Users\sahli\Desktop\Compta_source\compta.csproj]
C:\Users\sahli\Desktop\Compta_source\compta\rptAchat.cs(14,21): warning CS0649: Field 'rptAchat.components' is never assigned to, and will always have its default value null [C:\Users\sahli\Desktop\Compta_source\compta.csproj]
C:\Users\sahli\Desktop\Compta_source\compta\rptGrandJournal.cs(14,21): warning CS0649: Field 'rptGrandJournal.components' is never assigned to, and will always have its default value null [C:\Users\sahli\Desktop\Compta_source\compta.csproj]
C:\Users\sahli\Desktop\Compta_source\compta\frmPrintBilan.cs(23,21): warning CS0649: Field 'frmPrintBilan.components' is never assigned to, and will always have its default value null [C:\Users\sahli\Desktop\Compta_source\compta.csproj]
C:\Users\sahli\Desktop\Compta_source\compta\IconManager.cs(25,43): error CS0121: The call is ambiguous between the following methods or properties: 'FormsIconHelper.ToBitmap(IconChar, IconFont, int, Color?, double, FlipOrientation)' and 'FormsIconHelper.ToBitmap(IconChar, Color?, int, double, FlipOrientation)' [C:\Users\sahli\Desktop\Compta_source\compta.csproj]
C:\Users\sahli\Desktop\Compta_source\compta\IconManager.cs(35,44): error CS0121: The call is ambiguous between the following methods or properties: 'FormsIconHelper.ToBitmap(IconChar, IconFont, int, Color?, double, FlipOrientation)' and 'FormsIconHelper.ToBitmap(IconChar, Color?, int, double, FlipOrientation)' [C:\Users\sahli\Desktop\Compta_source\compta.csproj]
    13 Warning(s)
    2 Error(s)

Time Elapsed 00:00:01.03
